[2J[001;001H[=3h[2J[001;001H[2J[001;001H[8;056;240t[2J[001;001H[2J[001;001H[=3h[2J[001;001H[2J[001;001H[8;042;160t[2J[001;001HBdsDxe: loading Boot0002 "UEFI QEMU DVD-ROM QM00003 " from PciRoot(0x0)/Pci(0x1,0x1)/Ata(Secondary,Master,0x0)
BdsDxe: starting Boot0002 "UEFI QEMU DVD-ROM QM00003 " from PciRoot(0x0)/Pci(0x1,0x1)/Ata(Secondary,Master,0x0)
  Booting `ToyOS'

!!!! X64 Exception Type - 0E(#PF - Page-Fault)  CPU Apic ID - 00000000 !!!!
ExceptionData - 0000000000000003  I:0 R:0 U:0 W:1 P:1 PK:0 SS:0 SGX:0
RIP  - 0000000005D0E22E, CS  - 0000000000000038, RFLAGS - 0000000000210046
RAX  - 000000002BADB002, RCX - 00000000060C3FD8, RDX - 0000000000000000
RBX  - 0000000000000000, RSP - 0000000007E8B2D0, RBP - 0000000007E8B300
RSI  - 00000000060C3FD8, RDI - 0000000005C794C0
R8   - 0000000005D13208, R9  - 0000000005ED4B20, R10 - 00000000060BE2C6
R11  - 0000000000000012, R12 - 00000000000000F0, R13 - 0000000005F408C0
R14  - 0000000005D0E7A0, R15 - 00000000060BEE29
DS   - 0000000000000030, ES  - 0000000000000030, FS  - 0000000000000030
GS   - 0000000000000030, SS  - 0000000000000030
CR0  - 0000000080010033, CR2 - 0000000005D0E848, CR3 - 0000000007801000
CR4  - 0000000000000668, CR8 - 0000000000000000
DR0  - 0000000000000000, DR1 - 0000000000000000, DR2 - 0000000000000000
DR3  - 0000000000000000, DR6 - 00000000FFFF0FF0, DR7 - 0000000000000400
GDTR - 00000000075DB000 0000000000000057, LDTR - 0000000000000000
IDTR - 0000000003B8AF58 0000000000000FFF,   TR - 0000000000000048
FXSAVE_STATE - 00000000075DA460
!!!! Find image based on IP(0x5D0E22E) (No PDB)  (ImageBase=0000000005CE0700, EntryPoint=0000000005CE1700) !!!!
